[backblue.gif]
[fade.gif]
[index.html]
[kikicat.xyz/images/favicon.png]
[kikicat.xyz/images/logo.png]
[kikicat.xyz/images/btn-5.png]
[kikicat.xyz/images/kiki/1.png]
[kikicat.xyz/images/coin/1.png]
[kikicat.xyz/images/coin/2.png]
[kikicat.xyz/images/coin/3.png]
[kikicat.xyz/images/coin/4.png]
[kikicat.xyz/images/coin/5.png]
[kikicat.xyz/images/coin/6.png]
[kikicat.xyz/images/kiki/2.png]
[kikicat.xyz/images/btn-2m.png]
[kikicat.xyz/images/token-1.png]
[kikicat.xyz/images/token-2.png]
[kikicat.xyz/images/token-3.png]
[kikicat.xyz/images/kiki/3.png]
[kikicat.xyz/images/kiki/4.png]
[kikicat.xyz/images/kiki/5.png]
[kikicat.xyz/images/kiki/5-bush.png]
[kikicat.xyz/images/kiki/4m.png]
[kikicat.xyz/images/kiki/6.png]
[kikicat.xyz/images/partners/1e6dd.png]
[kikicat.xyz/images/partners/2e6dd.png]
[kikicat.xyz/images/partners/3e6dd.png]
[kikicat.xyz/images/partners/4e6dd.png]
[kikicat.xyz/images/partners/5e6dd.png]
[kikicat.xyz/images/partners/6e6dd.png]
[kikicat.xyz/images/partners/7e6dd.png]
[kikicat.xyz/images/btn-4.png]
[kikicat.xyz/images/exch/10af4.png]
[kikicat.xyz/images/exch/20af4.png]
[kikicat.xyz/images/exch/30af4.png]
[kikicat.xyz/images/exch/40af4.png]
[kikicat.xyz/images/exch/50af4.png]
[kikicat.xyz/images/exch/60af4.png]
[kikicat.xyz/images/exch/70af4.png]
[kikicat.xyz/images/exch/80af4.png]
[kikicat.xyz/images/exch/90af4.png]
[kikicat.xyz/images/exch/100af4.png]
[kikicat.xyz/images/exch/110af4.png]
[kikicat.xyz/images/btn-3.png]
[kikicat.xyz/images/photos/26.jpg]
[kikicat.xyz/images/photos/30.jpg]
[kikicat.xyz/images/photos/50.jpg]
[kikicat.xyz/images/photos/42.jpg]
[kikicat.xyz/images/photos/46.jpg]
[kikicat.xyz/images/photos/49.jpg]
[kikicat.xyz/images/photos/13.jpg]
[kikicat.xyz/images/photos/23.jpg]
[kikicat.xyz/images/photos/32.jpg]
[kikicat.xyz/images/photos/24.jpg]
[kikicat.xyz/images/photos/38.jpg]
[kikicat.xyz/images/photos/19.jpg]
[kikicat.xyz/images/photos/44.jpg]
[kikicat.xyz/images/photos/43.jpg]
[kikicat.xyz/images/photos/41.jpg]
[kikicat.xyz/images/photos/1.jpg]
[kikicat.xyz/images/photos/28.jpg]
[kikicat.xyz/images/photos/8.jpg]
[kikicat.xyz/images/photos/12.jpg]
[kikicat.xyz/images/photos/27.jpg]
[kikicat.xyz/images/kiki/7.png]
[kikicat.xyz/images/social-footer/1.png]
[kikicat.xyz/images/social-footer/2.png]
[kikicat.xyz/images/social-footer/3.png]
[kikicat.xyz/images/social-footer/4.png]
[kikicat.xyz/images/social-footer/5.png]
[kikicat.xyz/images/social-footer/6.png]
[kikicat.xyz/images/social-footer/7.png]
[kikicat.xyz/files/scripts6e66.js]
[kikicat.xyz/index.html]
[kikicat.xyz/images/back/12.png]
[kikicat.xyz/images/back/9.png]
[kikicat.xyz/images/back/10.png]
[kikicat.xyz/images/back/1.png]
[kikicat.xyz/images/back/2.png]
[kikicat.xyz/images/back/1-1.png]
[kikicat.xyz/images/back/2-1.png]
[kikicat.xyz/images/back/3.png]
[kikicat.xyz/images/back/4.png]
[kikicat.xyz/images/back/5.png]
[kikicat.xyz/images/back/7.png]
[kikicat.xyz/images/back/6.png]
[kikicat.xyz/images/back/6m.png]
[kikicat.xyz/images/deco/upload-frame.png]
[kikicat.xyz/images/deco/upload-1.png]
[kikicat.xyz/images/deco/upload-2.png]
[kikicat.xyz/images/back/8.png]
[kikicat.xyz/images/back/11.png]
[kikicat.xyz/files/styles6e66.css]
[kikicat.xyz/images/back/13.png]
[kikicat.xyz/files/scripts11bd.js]
[kikicat.xyz/signup.html]
[kikicat.xyz/files/styles11bd.css]
[kikicat.xyz/images/photos/4.jpg]
[kikicat.xyz/images/photos/48.jpg]
[kikicat.xyz/images/photos/2.jpg]
[kikicat.xyz/images/photos/52.jpg]
[kikicat.xyz/images/photos/16.jpg]
[kikicat.xyz/images/photos/36.jpg]
[kikicat.xyz/images/photos/7.jpg]
[kikicat.xyz/images/photos/11.jpg]
[kikicat.xyz/images/photos/51.jpg]
[kikicat.xyz/images/photos/18.jpg]
[kikicat.xyz/images/photos/29.jpg]
[kikicat.xyz/files/scriptsde2a.js]
[kikicat.xyz/index-2.html]
[kikicat.xyz/files/stylesde2a.css]
